This file is automatically generated by assertExpectedJournal calls in test_debug_utils.py.
Update expected outputs by running tests with the EXPECTTEST_ACCEPT=1 environment variable set.

--- assertExpectedJournal(TestDebugUtils.test_print_repro_env_var)
# === HELION KERNEL REPRO ===
import helion
import helion.language as hl
import torch
from torch._dynamo.testing import rand_strided

@helion.kernel(config=helion.Config(block_sizes=[2, 2], flatten_loops=[False], indexing=['pointer', 'pointer'], l2_groupings=[1], load_eviction_policies=[''], loop_orders=[[0, 1]], num_stages=1, num_warps=4, pid_type='flat', range_flattens=[None], range_multi_buffers=[None], range_num_stages=[0], range_unroll_factors=[0], range_warp_specializes=[]), static_shapes=True)
def kernel1(x: torch.Tensor) -> torch.Tensor:
    out = torch.empty_like(x)
    m, n = x.shape
    for tile_m, tile_n in hl.tile([m, n]):
        out[tile_m, tile_n] = x[tile_m, tile_n] + 1
    return out

def helion_repro_caller():
    torch.manual_seed(0)
    x = rand_strided((2, 2), (2, 1), dtype=torch.float32, device=DEVICE)
    return kernel1(x)
# === END HELION KERNEL REPRO ===
