This file is automatically generated by assertExpectedJournal calls in test_autotuner.py.
Update expected outputs by running tests with the EXPECTTEST_ACCEPT=1 environment variable set.

--- assertExpectedJournal(TestAutotuner.test_config_fragment0)
helion.Config(block_sizes=[16, 16, 16], indexing=['pointer', 'pointer'], l2_groupings=[1], load_eviction_policies=['', ''], loop_orders=[[0, 1]], num_stages=2, num_warps=4, pid_type='flat', range_flattens=[None, None], range_multi_buffers=[None, None], range_num_stages=[0, 0], range_unroll_factors=[0, 0], range_warp_specializes=[None, None])
helion.Config(block_sizes=[16, 64, 32], indexing=['tensor_descriptor', 'tensor_descriptor'], l2_groupings=[8], load_eviction_policies=['', 'last'], loop_orders=[[1, 0]], num_stages=8, num_warps=8, pid_type='flat', range_flattens=[None, True], range_multi_buffers=[None, True], range_num_stages=[0, 0], range_unroll_factors=[0, 0], range_warp_specializes=[None, True])
helion.Config(block_sizes=[128, 128, 16], indexing=['pointer', 'pointer'], l2_groupings=[8], load_eviction_policies=['first', 'last'], loop_orders=[[1, 0]], num_stages=2, num_warps=32, pid_type='flat', range_flattens=[None, False], range_multi_buffers=[None, None], range_num_stages=[0, 0], range_unroll_factors=[0, 3], range_warp_specializes=[None, None])
helion.Config(block_sizes=[16, 16, 16], indexing=['tensor_descriptor', 'tensor_descriptor'], l2_groupings=[4], load_eviction_policies=['last', 'last'], loop_orders=[[1, 0]], num_stages=3, num_warps=16, pid_type='flat', range_flattens=[None, None], range_multi_buffers=[None, True], range_num_stages=[0, 0], range_unroll_factors=[0, 0], range_warp_specializes=[None, True])
helion.Config(block_sizes=[16, 16, 16], indexing=['tensor_descriptor', 'tensor_descriptor'], l2_groupings=[16], load_eviction_policies=['first', 'first'], loop_orders=[[0, 1]], num_stages=1, num_warps=1, pid_type='persistent_blocked', range_flattens=[False, None], range_multi_buffers=[True, None], range_num_stages=[3, 4], range_unroll_factors=[2, 0], range_warp_specializes=[False, None])
helion.Config(block_sizes=[16, 16, 16], indexing=['tensor_descriptor', 'tensor_descriptor'], l2_groupings=[1], load_eviction_policies=['first', ''], loop_orders=[[1, 0]], num_stages=4, num_warps=16, pid_type='persistent_blocked', range_flattens=[False, True], range_multi_buffers=[None, False], range_num_stages=[3, 0], range_unroll_factors=[0, 1], range_warp_specializes=[True, None])
helion.Config(block_sizes=[32, 64, 16], indexing=['pointer', 'tensor_descriptor'], l2_groupings=[16], load_eviction_policies=['first', 'last'], loop_orders=[[1, 0]], num_stages=5, num_warps=32, pid_type='persistent_blocked', range_flattens=[False, None], range_multi_buffers=[False, True], range_num_stages=[3, 3], range_unroll_factors=[2, 0], range_warp_specializes=[None, True])
helion.Config(block_sizes=[16, 16, 16], indexing=['pointer', 'tensor_descriptor'], l2_groupings=[64], load_eviction_policies=['first', 'first'], loop_orders=[[0, 1]], num_stages=4, num_warps=2, pid_type='flat', range_flattens=[None, True], range_multi_buffers=[None, False], range_num_stages=[0, 4], range_unroll_factors=[0, 4], range_warp_specializes=[None, False])
helion.Config(block_sizes=[128, 64, 16], indexing=['pointer', 'tensor_descriptor'], l2_groupings=[16], load_eviction_policies=['last', 'first'], loop_orders=[[1, 0]], num_stages=3, num_warps=16, pid_type='persistent_interleaved', range_flattens=[True, False], range_multi_buffers=[True, None], range_num_stages=[1, 0], range_unroll_factors=[0, 2], range_warp_specializes=[None, None])
helion.Config(block_sizes=[16, 16, 16], indexing=['pointer', 'pointer'], l2_groupings=[2], load_eviction_policies=['', 'last'], loop_orders=[[0, 1]], num_stages=7, num_warps=2, pid_type='flat', range_flattens=[None, None], range_multi_buffers=[None, None], range_num_stages=[0, 4], range_unroll_factors=[0, 3], range_warp_specializes=[None, None])

--- assertExpectedJournal(TestAutotuner.test_config_fragment1)
helion.Config(block_sizes=[8, 16, 16], flatten_loops=[False], indexing=['pointer', 'pointer'], l2_groupings=[1], load_eviction_policies=['', ''], loop_orders=[[0, 1, 2]], num_stages=2, num_warps=4, pid_type='flat', range_flattens=[None], range_multi_buffers=[None], range_num_stages=[], range_unroll_factors=[0], range_warp_specializes=[None])
helion.Config(block_sizes=[1, 32, 32], flatten_loops=[False], indexing=['tensor_descriptor', 'tensor_descriptor'], l2_groupings=[4], load_eviction_policies=['first', ''], loop_orders=[[1, 2, 0]], num_stages=4, num_warps=8, pid_type='persistent_blocked', range_flattens=[None], range_multi_buffers=[False], range_unroll_factors=[1], range_warp_specializes=[True])
helion.Config(block_sizes=[2, 128, 256], flatten_loops=[True], indexing=['pointer', 'pointer'], l2_groupings=[1], load_eviction_policies=['', 'first'], loop_orders=[[1, 2, 0]], num_stages=7, num_warps=4, pid_type='flat', range_flattens=[None], range_multi_buffers=[None], range_num_stages=[], range_unroll_factors=[0], range_warp_specializes=[None])
helion.Config(block_sizes=[8, 1, 16], flatten_loops=[True], indexing=['pointer', 'tensor_descriptor'], l2_groupings=[16], load_eviction_policies=['last', 'last'], loop_orders=[[2, 1, 0]], num_stages=2, num_warps=16, pid_type='flat', range_flattens=[None], range_multi_buffers=[None], range_num_stages=[], range_unroll_factors=[0], range_warp_specializes=[None])
helion.Config(block_sizes=[2, 64, 64], flatten_loops=[True], indexing=['pointer', 'tensor_descriptor'], l2_groupings=[32], load_eviction_policies=['first', 'last'], loop_orders=[[0, 2, 1]], num_stages=6, num_warps=16, pid_type='flat', range_flattens=[None], range_multi_buffers=[None], range_num_stages=[], range_unroll_factors=[0], range_warp_specializes=[None])
helion.Config(block_sizes=[2, 16, 2], flatten_loops=[True], indexing=['pointer', 'pointer'], l2_groupings=[4], load_eviction_policies=['', 'last'], loop_orders=[[0, 2, 1]], num_stages=5, num_warps=2, pid_type='persistent_interleaved', range_flattens=[True], range_multi_buffers=[False], range_unroll_factors=[3], range_warp_specializes=[False])
helion.Config(block_sizes=[8, 2, 4], flatten_loops=[True], indexing=['tensor_descriptor', 'pointer'], l2_groupings=[4], load_eviction_policies=['first', 'first'], loop_orders=[[1, 2, 0]], num_stages=6, num_warps=8, pid_type='persistent_interleaved', range_flattens=[None], range_multi_buffers=[None], range_unroll_factors=[3], range_warp_specializes=[False])
helion.Config(block_sizes=[8, 128, 16], flatten_loops=[True], indexing=['tensor_descriptor', 'pointer'], l2_groupings=[2], load_eviction_policies=['', 'last'], loop_orders=[[2, 1, 0]], num_stages=8, num_warps=8, pid_type='persistent_blocked', range_flattens=[True], range_multi_buffers=[False], range_unroll_factors=[2], range_warp_specializes=[False])
helion.Config(block_sizes=[2, 1, 64], flatten_loops=[False], indexing=['tensor_descriptor', 'pointer'], l2_groupings=[2], load_eviction_policies=['first', 'last'], loop_orders=[[1, 2, 0]], num_stages=2, num_warps=4, pid_type='persistent_blocked', range_flattens=[False], range_multi_buffers=[None], range_unroll_factors=[1], range_warp_specializes=[False])
helion.Config(block_sizes=[4, 1, 2], flatten_loops=[True], indexing=['tensor_descriptor', 'tensor_descriptor'], l2_groupings=[16], load_eviction_policies=['first', ''], loop_orders=[[0, 2, 1]], num_stages=7, num_warps=32, pid_type='flat', range_flattens=[None], range_multi_buffers=[None], range_num_stages=[], range_unroll_factors=[0], range_warp_specializes=[None])

--- assertExpectedJournal(TestAutotuner.test_config_warp_specialize_unroll)
helion.Config(block_sizes=[8, 16, 16], flatten_loops=[False], indexing=['pointer', 'pointer'], l2_groupings=[1], load_eviction_policies=['', ''], loop_orders=[[0, 1, 2]], num_stages=2, num_warps=4, pid_type='flat', range_flattens=[None], range_multi_buffers=[None], range_num_stages=[], range_unroll_factors=[0], range_warp_specializes=[None])
helion.Config(block_sizes=[1, 32, 32], flatten_loops=[False], indexing=['tensor_descriptor', 'tensor_descriptor'], l2_groupings=[4], load_eviction_policies=['first', ''], loop_orders=[[1, 2, 0]], num_stages=4, num_warps=8, pid_type='persistent_blocked', range_flattens=[None], range_multi_buffers=[False], range_unroll_factors=[0], range_warp_specializes=[True])
helion.Config(block_sizes=[2, 128, 256], flatten_loops=[True], indexing=['pointer', 'pointer'], l2_groupings=[1], load_eviction_policies=['', 'first'], loop_orders=[[1, 2, 0]], num_stages=7, num_warps=4, pid_type='flat', range_flattens=[None], range_multi_buffers=[None], range_num_stages=[], range_unroll_factors=[0], range_warp_specializes=[None])
helion.Config(block_sizes=[8, 1, 16], flatten_loops=[True], indexing=['pointer', 'tensor_descriptor'], l2_groupings=[16], load_eviction_policies=['last', 'last'], loop_orders=[[2, 1, 0]], num_stages=2, num_warps=16, pid_type='flat', range_flattens=[None], range_multi_buffers=[None], range_num_stages=[], range_unroll_factors=[0], range_warp_specializes=[None])
helion.Config(block_sizes=[2, 64, 64], flatten_loops=[True], indexing=['pointer', 'tensor_descriptor'], l2_groupings=[32], load_eviction_policies=['first', 'last'], loop_orders=[[0, 2, 1]], num_stages=6, num_warps=16, pid_type='flat', range_flattens=[None], range_multi_buffers=[None], range_num_stages=[], range_unroll_factors=[0], range_warp_specializes=[None])
helion.Config(block_sizes=[2, 16, 2], flatten_loops=[True], indexing=['pointer', 'pointer'], l2_groupings=[4], load_eviction_policies=['', 'last'], loop_orders=[[0, 2, 1]], num_stages=5, num_warps=2, pid_type='persistent_interleaved', range_flattens=[True], range_multi_buffers=[False], range_unroll_factors=[0], range_warp_specializes=[True])
helion.Config(block_sizes=[8, 2, 4], flatten_loops=[True], indexing=['tensor_descriptor', 'pointer'], l2_groupings=[4], load_eviction_policies=['first', 'first'], loop_orders=[[1, 2, 0]], num_stages=6, num_warps=8, pid_type='persistent_interleaved', range_flattens=[None], range_multi_buffers=[None], range_unroll_factors=[0], range_warp_specializes=[True])
helion.Config(block_sizes=[8, 128, 16], flatten_loops=[True], indexing=['tensor_descriptor', 'pointer'], l2_groupings=[2], load_eviction_policies=['', 'last'], loop_orders=[[2, 1, 0]], num_stages=8, num_warps=8, pid_type='persistent_blocked', range_flattens=[True], range_multi_buffers=[False], range_unroll_factors=[0], range_warp_specializes=[True])
helion.Config(block_sizes=[2, 1, 64], flatten_loops=[False], indexing=['tensor_descriptor', 'pointer'], l2_groupings=[2], load_eviction_policies=['first', 'last'], loop_orders=[[1, 2, 0]], num_stages=2, num_warps=4, pid_type='persistent_blocked', range_flattens=[False], range_multi_buffers=[None], range_unroll_factors=[0], range_warp_specializes=[True])
helion.Config(block_sizes=[4, 1, 2], flatten_loops=[True], indexing=['tensor_descriptor', 'tensor_descriptor'], l2_groupings=[16], load_eviction_policies=['first', ''], loop_orders=[[0, 2, 1]], num_stages=7, num_warps=32, pid_type='flat', range_flattens=[None], range_multi_buffers=[None], range_num_stages=[], range_unroll_factors=[0], range_warp_specializes=[None])

--- assertExpectedJournal(TestAutotuner.test_save_load_config)
{
  "block_sizes": [
    64,
    64,
    32
  ],
  "loop_orders": [
    [
      1,
      0
    ]
  ],
  "num_warps": 2,
  "num_stages": 1,
  "indexing": "block_ptr",
  "l2_grouping": 32
}
