This file is automatically generated by assertExpectedJournal calls in test_constexpr.py.
Update expected outputs by running tests with the EXPECTTEST_ACCEPT=1 environment variable set.

--- assertExpectedJournal(TestConstExpr.test_constexpr_float)
from __future__ import annotations

import torch
import helion.language as hl
import triton
import triton.language as tl
from helion.runtime import default_launcher as _default_launcher

@triton.jit
def _helion_fn(x, out, x_size_0, x_size_1, out_stride_0, out_stride_1, x_stride_0, x_stride_1, _BLOCK_SIZE_0: tl.constexpr, _BLOCK_SIZE_1: tl.constexpr):
    num_blocks_0 = tl.cdiv(x_size_0, _BLOCK_SIZE_0)
    pid_0 = tl.program_id(0) % num_blocks_0
    pid_1 = tl.program_id(0) // num_blocks_0
    offset_0 = pid_0 * _BLOCK_SIZE_0
    indices_0 = (offset_0 + tl.arange(0, _BLOCK_SIZE_0)).to(tl.int32)
    mask_0 = indices_0 < x_size_0
    offset_1 = pid_1 * _BLOCK_SIZE_1
    indices_1 = (offset_1 + tl.arange(0, _BLOCK_SIZE_1)).to(tl.int32)
    mask_1 = indices_1 < x_size_1
    load = tl.load(x + (indices_0[:, None] * x_stride_0 + indices_1[None, :] * x_stride_1), mask_0[:, None] & mask_1[None, :], other=0)
    v_0 = 5.0
    v_1 = load + v_0
    v_2 = tl.sigmoid(v_1)
    tl.store(out + (indices_0[:, None] * out_stride_0 + indices_1[None, :] * out_stride_1), v_2, mask_0[:, None] & mask_1[None, :])

def fn(x: torch.Tensor, v: hl.constexpr, *, _launcher=_default_launcher):
    out = torch.empty_like(x)
    _BLOCK_SIZE_0 = 32
    _BLOCK_SIZE_1 = 32
    _launcher(_helion_fn, (triton.cdiv(x.size(0), _BLOCK_SIZE_0) * triton.cdiv(x.size(1), _BLOCK_SIZE_1),), x, out, x.size(0), x.size(1), out.stride(0), out.stride(1), x.stride(0), x.stride(1), _BLOCK_SIZE_0, _BLOCK_SIZE_1, num_warps=4, num_stages=3)
    return out

--- assertExpectedJournal(TestConstExpr.test_constexpr_float_wrapped)
from __future__ import annotations

import torch
import triton
import triton.language as tl
from helion.runtime import default_launcher as _default_launcher

@triton.jit
def _helion_fn(x, out, x_size_0, x_size_1, out_stride_0, out_stride_1, x_stride_0, x_stride_1, _BLOCK_SIZE_0: tl.constexpr, _BLOCK_SIZE_1: tl.constexpr):
    num_blocks_0 = tl.cdiv(x_size_0, _BLOCK_SIZE_0)
    pid_0 = tl.program_id(0) % num_blocks_0
    pid_1 = tl.program_id(0) // num_blocks_0
    offset_0 = pid_0 * _BLOCK_SIZE_0
    indices_0 = (offset_0 + tl.arange(0, _BLOCK_SIZE_0)).to(tl.int32)
    mask_0 = indices_0 < x_size_0
    offset_1 = pid_1 * _BLOCK_SIZE_1
    indices_1 = (offset_1 + tl.arange(0, _BLOCK_SIZE_1)).to(tl.int32)
    mask_1 = indices_1 < x_size_1
    load = tl.load(x + (indices_0[:, None] * x_stride_0 + indices_1[None, :] * x_stride_1), mask_0[:, None] & mask_1[None, :], other=0)
    v_0 = 5.0
    v_1 = load + v_0
    v_2 = tl.sigmoid(v_1)
    tl.store(out + (indices_0[:, None] * out_stride_0 + indices_1[None, :] * out_stride_1), v_2, mask_0[:, None] & mask_1[None, :])

def fn(x: torch.Tensor, v: float, *, _launcher=_default_launcher):
    out = torch.empty_like(x)
    _BLOCK_SIZE_0 = 32
    _BLOCK_SIZE_1 = 32
    _launcher(_helion_fn, (triton.cdiv(x.size(0), _BLOCK_SIZE_0) * triton.cdiv(x.size(1), _BLOCK_SIZE_1),), x, out, x.size(0), x.size(1), out.stride(0), out.stride(1), x.stride(0), x.stride(1), _BLOCK_SIZE_0, _BLOCK_SIZE_1, num_warps=4, num_stages=3)
    return out

--- assertExpectedJournal(TestConstExpr.test_constexpr_size)
from __future__ import annotations

import torch
import helion.language as hl
import triton
import triton.language as tl
from helion.runtime import default_launcher as _default_launcher

@triton.jit
def _helion_fn(x, out, out_stride_0, out_stride_1, x_stride_0, b, _BLOCK_SIZE_0: tl.constexpr, _BLOCK_SIZE_1: tl.constexpr):
    num_blocks_0 = tl.cdiv(b, _BLOCK_SIZE_0)
    pid_0 = tl.program_id(0) % num_blocks_0
    pid_1 = tl.program_id(0) // num_blocks_0
    offset_0 = pid_0 * _BLOCK_SIZE_0
    indices_0 = (offset_0 + tl.arange(0, _BLOCK_SIZE_0)).to(tl.int32)
    mask_0 = indices_0 < b
    offset_1 = pid_1 * _BLOCK_SIZE_1
    indices_1 = (offset_1 + tl.arange(0, _BLOCK_SIZE_1)).to(tl.int32)
    load = tl.load(x + indices_0 * x_stride_0, mask_0, other=0)
    view = tl.reshape(load, [_BLOCK_SIZE_0, 1])
    expand = tl.broadcast_to(view, [_BLOCK_SIZE_0, _BLOCK_SIZE_1])
    tl.store(out + (indices_0[:, None] * out_stride_0 + indices_1[None, :] * out_stride_1), expand, mask_0[:, None])

def fn(x: torch.Tensor, s: hl.constexpr, *, _launcher=_default_launcher):
    b, = x.size()
    out = torch.empty([b, 16], device=x.device, dtype=x.dtype)
    _BLOCK_SIZE_0 = 32
    _BLOCK_SIZE_1 = 16
    _launcher(_helion_fn, (triton.cdiv(b, _BLOCK_SIZE_0) * triton.cdiv(16, _BLOCK_SIZE_1),), x, out, out.stride(0), out.stride(1), x.stride(0), b, _BLOCK_SIZE_0, _BLOCK_SIZE_1, num_warps=4, num_stages=3)
    return out

--- assertExpectedJournal(TestConstExpr.test_string_literal_arg)
from __future__ import annotations

import torch
import triton
import triton.language as tl
from helion.runtime import default_launcher as _default_launcher

@triton.jit
def _helion_fn(x, out, x_size_0, x_size_1, out_stride_0, out_stride_1, x_stride_0, x_stride_1, _BLOCK_SIZE_0: tl.constexpr, _BLOCK_SIZE_1: tl.constexpr):
    num_blocks_0 = tl.cdiv(x_size_0, _BLOCK_SIZE_0)
    pid_0 = tl.program_id(0) % num_blocks_0
    pid_1 = tl.program_id(0) // num_blocks_0
    offset_0 = pid_0 * _BLOCK_SIZE_0
    indices_0 = (offset_0 + tl.arange(0, _BLOCK_SIZE_0)).to(tl.int32)
    mask_0 = indices_0 < x_size_0
    offset_1 = pid_1 * _BLOCK_SIZE_1
    indices_1 = (offset_1 + tl.arange(0, _BLOCK_SIZE_1)).to(tl.int32)
    mask_1 = indices_1 < x_size_1
    load = tl.load(x + (indices_0[:, None] * x_stride_0 + indices_1[None, :] * x_stride_1), mask_0[:, None] & mask_1[None, :], other=0)
    v_0 = 1.0
    v_1 = load + v_0
    tl.store(out + (indices_0[:, None] * out_stride_0 + indices_1[None, :] * out_stride_1), v_1, mask_0[:, None] & mask_1[None, :])

def fn(x: torch.Tensor, mode: str, *, _launcher=_default_launcher):
    out = torch.empty_like(x)
    _BLOCK_SIZE_0 = 32
    _BLOCK_SIZE_1 = 32
    _launcher(_helion_fn, (triton.cdiv(x.size(0), _BLOCK_SIZE_0) * triton.cdiv(x.size(1), _BLOCK_SIZE_1),), x, out, x.size(0), x.size(1), out.stride(0), out.stride(1), x.stride(0), x.stride(1), _BLOCK_SIZE_0, _BLOCK_SIZE_1, num_warps=4, num_stages=3)
    return out

--- assertExpectedJournal(TestConstExpr.test_string_literal_arg)
from __future__ import annotations

import torch
import triton
import triton.language as tl
from helion.runtime import default_launcher as _default_launcher

@triton.jit
def _helion_fn(x, out, x_size_0, x_size_1, out_stride_0, out_stride_1, x_stride_0, x_stride_1, _BLOCK_SIZE_0: tl.constexpr, _BLOCK_SIZE_1: tl.constexpr):
    num_blocks_0 = tl.cdiv(x_size_0, _BLOCK_SIZE_0)
    pid_0 = tl.program_id(0) % num_blocks_0
    pid_1 = tl.program_id(0) // num_blocks_0
    offset_0 = pid_0 * _BLOCK_SIZE_0
    indices_0 = (offset_0 + tl.arange(0, _BLOCK_SIZE_0)).to(tl.int32)
    mask_0 = indices_0 < x_size_0
    offset_1 = pid_1 * _BLOCK_SIZE_1
    indices_1 = (offset_1 + tl.arange(0, _BLOCK_SIZE_1)).to(tl.int32)
    mask_1 = indices_1 < x_size_1
    load = tl.load(x + (indices_0[:, None] * x_stride_0 + indices_1[None, :] * x_stride_1), mask_0[:, None] & mask_1[None, :], other=0)
    v_0 = 2.0
    v_1 = load * v_0
    tl.store(out + (indices_0[:, None] * out_stride_0 + indices_1[None, :] * out_stride_1), v_1, mask_0[:, None] & mask_1[None, :])

def fn(x: torch.Tensor, mode: str, *, _launcher=_default_launcher):
    out = torch.empty_like(x)
    _BLOCK_SIZE_0 = 32
    _BLOCK_SIZE_1 = 32
    _launcher(_helion_fn, (triton.cdiv(x.size(0), _BLOCK_SIZE_0) * triton.cdiv(x.size(1), _BLOCK_SIZE_1),), x, out, x.size(0), x.size(1), out.stride(0), out.stride(1), x.stride(0), x.stride(1), _BLOCK_SIZE_0, _BLOCK_SIZE_1, num_warps=4, num_stages=3)
    return out

--- assertExpectedJournal(TestConstExpr.test_string_literal_arg)
from __future__ import annotations

import torch
import triton
import triton.language as tl
from helion.runtime import default_launcher as _default_launcher

@triton.jit
def _helion_fn(x, out, x_size_0, x_size_1, out_stride_0, out_stride_1, x_stride_0, x_stride_1, _BLOCK_SIZE_0: tl.constexpr, _BLOCK_SIZE_1: tl.constexpr):
    num_blocks_0 = tl.cdiv(x_size_0, _BLOCK_SIZE_0)
    pid_0 = tl.program_id(0) % num_blocks_0
    pid_1 = tl.program_id(0) // num_blocks_0
    offset_0 = pid_0 * _BLOCK_SIZE_0
    indices_0 = (offset_0 + tl.arange(0, _BLOCK_SIZE_0)).to(tl.int32)
    mask_0 = indices_0 < x_size_0
    offset_1 = pid_1 * _BLOCK_SIZE_1
    indices_1 = (offset_1 + tl.arange(0, _BLOCK_SIZE_1)).to(tl.int32)
    mask_1 = indices_1 < x_size_1
    load = tl.load(x + (indices_0[:, None] * x_stride_0 + indices_1[None, :] * x_stride_1), mask_0[:, None] & mask_1[None, :], other=0)
    tl.store(out + (indices_0[:, None] * out_stride_0 + indices_1[None, :] * out_stride_1), load, mask_0[:, None] & mask_1[None, :])

def fn(x: torch.Tensor, mode: str, *, _launcher=_default_launcher):
    out = torch.empty_like(x)
    _BLOCK_SIZE_0 = 32
    _BLOCK_SIZE_1 = 32
    _launcher(_helion_fn, (triton.cdiv(x.size(0), _BLOCK_SIZE_0) * triton.cdiv(x.size(1), _BLOCK_SIZE_1),), x, out, x.size(0), x.size(1), out.stride(0), out.stride(1), x.stride(0), x.stride(1), _BLOCK_SIZE_0, _BLOCK_SIZE_1, num_warps=4, num_stages=3)
    return out
