This file is automatically generated by assertExpectedJournal calls in test_misc.py.
Update expected outputs by running tests with the EXPECTTEST_ACCEPT=1 environment variable set.

--- assertExpectedJournal(TestMisc.test_inputs)
from __future__ import annotations

import torch
import triton
import triton.language as tl
from helion.runtime import default_launcher as _default_launcher

@triton.jit
def _helion_kernel(a0, o0, o1, a0_size_0, a0_stride_0, o0_stride_0, o1_stride_0, _BLOCK_SIZE_0: tl.constexpr):
    pid_0 = tl.program_id(0)
    offset_0 = pid_0 * _BLOCK_SIZE_0
    indices_0 = (offset_0 + tl.arange(0, _BLOCK_SIZE_0)).to(tl.int32)
    mask_0 = indices_0 < a0_size_0
    load = tl.load(a0 + indices_0 * a0_stride_0, mask_0, other=0)
    load_1 = tl.load(a0 + indices_0 * a0_stride_0, mask_0, other=0)
    v_0 = load + load_1
    load_2 = tl.load(a0 + indices_0 * a0_stride_0, mask_0, other=0)
    v_1 = v_0 + load_2
    load_3 = tl.load(a0 + indices_0 * a0_stride_0, mask_0, other=0)
    v_2 = v_1 + load_3
    tl.store(o0 + indices_0 * o0_stride_0, v_2, mask_0)
    load_4 = tl.load(a0 + indices_0 * a0_stride_0, mask_0, other=0)
    load_5 = tl.load(a0 + indices_0 * a0_stride_0, mask_0, other=0)
    v_3 = load_4 + load_5
    load_6 = tl.load(a0 + indices_0 * a0_stride_0, mask_0, other=0)
    v_4 = v_3 + load_6
    load_7 = tl.load(a0 + indices_0 * a0_stride_0, mask_0, other=0)
    v_5 = v_4 + load_7
    tl.store(o1 + indices_0 * o1_stride_0, v_5, mask_0)

def kernel(a_list, b_dict, b_tuple, c_named_tuple, d_dataclass, *, _launcher=_default_launcher):
    a0, a1 = a_list
    b0 = b_dict['b0']
    b1, = b_tuple
    c0, c1 = (c_named_tuple.x, c_named_tuple.y)
    d0, d1 = (d_dataclass.x, d_dataclass.y)
    o0, o1 = (torch.empty_like(a0), torch.empty_like(a1))
    _BLOCK_SIZE_0 = 4
    _launcher(_helion_kernel, (triton.cdiv(a0.size(0), _BLOCK_SIZE_0),), a0, o0, o1, a0.size(0), a0.stride(0), o0.stride(0), o1.stride(0), _BLOCK_SIZE_0, num_warps=4, num_stages=3)
    return [o0, o1]

--- assertExpectedJournal(TestMisc.test_propagate_tile)
from __future__ import annotations

import torch
import triton
import triton.language as tl
from helion.runtime import default_launcher as _default_launcher

@triton.jit
def _helion_copy_kernel(a, out, a_size_0, a_stride_0, out_stride_0, _BLOCK_SIZE_0: tl.constexpr):
    pid_0 = tl.program_id(0)
    offset_0 = pid_0 * _BLOCK_SIZE_0
    indices_0 = (offset_0 + tl.arange(0, _BLOCK_SIZE_0)).to(tl.int32)
    mask_0 = indices_0 < a_size_0
    load = tl.load(a + indices_0 * a_stride_0, mask_0, other=0)
    tl.store(out + indices_0 * out_stride_0, load, mask_0)

def copy_kernel(a: torch.Tensor, *, _launcher=_default_launcher):
    out = torch.empty_like(a)
    _BLOCK_SIZE_0 = 4
    _launcher(_helion_copy_kernel, (triton.cdiv(a.size(0), _BLOCK_SIZE_0),), a, out, a.size(0), a.stride(0), out.stride(0), _BLOCK_SIZE_0, num_warps=4, num_stages=3)
    return out

--- assertExpectedJournal(TestMisc.test_scalar_tensor_item_method)
from __future__ import annotations

import torch
import triton
import triton.language as tl
from helion.runtime import default_launcher as _default_launcher

@triton.jit
def _helion_kernel_with_scalar_item(x, result, x_size_0, result_stride_0, x_stride_0, scalar_val, _BLOCK_SIZE_0: tl.constexpr):
    pid_0 = tl.program_id(0)
    offset_0 = pid_0 * _BLOCK_SIZE_0
    indices_0 = (offset_0 + tl.arange(0, _BLOCK_SIZE_0)).to(tl.int32)
    mask_0 = indices_0 < x_size_0
    load = tl.load(x + indices_0 * x_stride_0, mask_0, other=0)
    v_0 = load + scalar_val
    tl.store(result + indices_0 * result_stride_0, v_0, mask_0)

def kernel_with_scalar_item(x: torch.Tensor, scalar_tensor: torch.Tensor, *, _launcher=_default_launcher):
    result = torch.empty_like(x)
    scalar_val = scalar_tensor.item()
    _BLOCK_SIZE_0 = 128
    _launcher(_helion_kernel_with_scalar_item, (triton.cdiv(x.size(0), _BLOCK_SIZE_0),), x, result, x.size(0), result.stride(0), x.stride(0), scalar_val, _BLOCK_SIZE_0, num_warps=4, num_stages=3)
    return result

--- assertExpectedJournal(TestMisc.test_sequence_assert_static_shapes_False)
from __future__ import annotations

import torch
import triton
import triton.language as tl
from helion.runtime import default_launcher as _default_launcher

@triton.jit
def _helion_kernel(a, out, a_size_0, a_stride_0, out_stride_0, _BLOCK_SIZE_0: tl.constexpr):
    num_blocks_0 = tl.cdiv(a_size_0, _BLOCK_SIZE_0)
    pid_0 = tl.program_id(0) % num_blocks_0
    offset_0 = pid_0 * _BLOCK_SIZE_0
    indices_0 = (offset_0 + tl.arange(0, _BLOCK_SIZE_0)).to(tl.int32)
    mask_0 = indices_0 < a_size_0
    load = tl.load(a + indices_0[:, None] * a_stride_0, mask_0[:, None], other=0)
    load_1 = tl.load(a + indices_0[:, None] * a_stride_0, mask_0[:, None], other=0)
    v_0 = load + load_1
    tl.store(out + indices_0[:, None] * out_stride_0, v_0, mask_0[:, None])

def kernel(a: torch.Tensor, b: torch.Tensor, *, _launcher=_default_launcher):
    assert a.size() == b.size()
    out = torch.empty_like(a)
    _BLOCK_SIZE_0 = 16
    _launcher(_helion_kernel, (triton.cdiv(a.size(0), _BLOCK_SIZE_0) * 1,), a, out, a.size(0), a.stride(0), out.stride(0), _BLOCK_SIZE_0, num_warps=4, num_stages=3)
    return out

--- assertExpectedJournal(TestMisc.test_sequence_assert_static_shapes_True)
from __future__ import annotations

import torch
import triton
import triton.language as tl
from helion.runtime import default_launcher as _default_launcher

@triton.jit
def _helion_kernel(a, b, out, _BLOCK_SIZE_0: tl.constexpr):
    num_blocks_0 = tl.cdiv(16, _BLOCK_SIZE_0)
    pid_0 = tl.program_id(0) % num_blocks_0
    offset_0 = pid_0 * _BLOCK_SIZE_0
    indices_0 = (offset_0 + tl.arange(0, _BLOCK_SIZE_0)).to(tl.int32)
    load = tl.load(a + indices_0[:, None] * 1, None)
    load_1 = tl.load(b + indices_0[:, None] * 1, None)
    v_0 = load + load_1
    tl.store(out + indices_0[:, None] * 1, v_0, None)

def kernel(a: torch.Tensor, b: torch.Tensor, *, _launcher=_default_launcher):
    assert a.size() == b.size()
    out = torch.empty_like(a)
    _BLOCK_SIZE_0 = 16
    _launcher(_helion_kernel, (triton.cdiv(16, _BLOCK_SIZE_0) * 1,), a, b, out, _BLOCK_SIZE_0, num_warps=4, num_stages=3)
    return out

--- assertExpectedJournal(TestMisc.test_tile_block_size_constexpr_fix)
from __future__ import annotations

import torch
import triton
import triton.language as tl
from torch._inductor.runtime.triton_compat import libdevice
from helion.runtime import default_launcher as _default_launcher

@triton.jit
def _helion_test_tile_block_size_usage(out, x_size_0, out_stride_0, _BLOCK_SIZE_0: tl.constexpr):
    pid_0 = tl.program_id(0)
    offset_0 = pid_0 * _BLOCK_SIZE_0
    indices_0 = (offset_0 + tl.arange(0, _BLOCK_SIZE_0)).to(tl.int32)
    mask_0 = indices_0 < x_size_0
    _BLOCK_SIZE_0_ = _BLOCK_SIZE_0
    v_0 = _BLOCK_SIZE_0_.to(tl.int32)
    v_1 = indices_0 % v_0
    v_2 = tl.full([], 0, tl.int32)
    v_3 = v_1 != v_2
    v_4 = libdevice.signbit(v_1) != 0 if v_1.dtype is tl.float32 else v_1 < 0
    v_5 = libdevice.signbit(v_0) != 0 if v_0.dtype is tl.float32 else v_0 < 0
    v_6 = v_4 != v_5
    v_7 = v_3 & v_6
    v_8 = v_1 + v_0
    v_9 = tl.where(v_7, v_8, v_1)
    sub = -1 + _BLOCK_SIZE_0
    v_10 = sub.to(tl.int32)
    v_11 = v_9 == v_10
    v_12 = tl.full([], 0, tl.int64)
    v_13 = tl.full([], 1, tl.int64)
    v_14 = v_13[None]
    v_15 = v_12[None]
    v_16 = tl.where(v_11, v_14, v_15)
    v_17 = v_16.to(tl.int32)
    tl.store(out + indices_0 * out_stride_0, v_17, mask_0)

def test_tile_block_size_usage(x: torch.Tensor, *, _launcher=_default_launcher):
    out = torch.zeros_like(x, dtype=torch.int32)
    _BLOCK_SIZE_0 = 32
    _launcher(_helion_test_tile_block_size_usage, (triton.cdiv(x.size(0), _BLOCK_SIZE_0),), out, x.size(0), out.stride(0), _BLOCK_SIZE_0, num_warps=4, num_stages=3)
    return out

--- assertExpectedJournal(TestMisc.test_torch_alloc)
from __future__ import annotations

import torch
import triton
import triton.language as tl
from helion.runtime import default_launcher as _default_launcher

@triton.jit
def _helion_fn(x, out, out_stride_0, x_stride_0, x_stride_1, m, n, _BLOCK_SIZE_1: tl.constexpr, _BLOCK_SIZE_0: tl.constexpr):
    pid_0 = tl.program_id(0)
    offset_1 = pid_0 * _BLOCK_SIZE_1
    indices_1 = (offset_1 + tl.arange(0, _BLOCK_SIZE_1)).to(tl.int32)
    mask_1 = indices_1 < m
    acc = tl.full([_BLOCK_SIZE_1, _BLOCK_SIZE_0], 0, tl.float32)
    for offset_0 in tl.range(0, n.to(tl.int32), _BLOCK_SIZE_0):
        indices_0 = offset_0 + tl.arange(0, _BLOCK_SIZE_0).to(tl.int32)
        mask_0 = indices_0 < n
        acc_copy = acc
        acc_copy_0 = acc_copy
        load = tl.load(x + (indices_1[:, None] * x_stride_0 + indices_0[None, :] * x_stride_1), mask_1[:, None] & mask_0[None, :], other=0)
        acc = acc_copy_0 + load
    sum_1 = tl.sum(acc, 1)
    tl.store(out + indices_1 * out_stride_0, sum_1, mask_1)

def fn(x: torch.Tensor, *, _launcher=_default_launcher):
    m, n = x.size()
    out = x.new_empty([m])
    _BLOCK_SIZE_1 = 64
    _BLOCK_SIZE_0 = 64
    _launcher(_helion_fn, (triton.cdiv(m, _BLOCK_SIZE_1),), x, out, out.stride(0), x.stride(0), x.stride(1), m, n, _BLOCK_SIZE_1, _BLOCK_SIZE_0, num_warps=4, num_stages=3)
    return out

--- assertExpectedJournal(TestMisc.test_tuple_literal_subscript)
from __future__ import annotations

import torch
import triton
import triton.language as tl
from helion.runtime import default_launcher as _default_launcher

@triton.jit
def _helion_tuple_literal_index_kernel(out, inp_tuple_item_0, inp_tuple_item_1, out_size_0, out_size_1, inp_tuple_item_0_stride_0, inp_tuple_item_0_stride_1, inp_tuple_item_1_stride_0, inp_tuple_item_1_stride_1, out_stride_0, out_stride_1, inp_tuple_item_2, _BLOCK_SIZE_0: tl.constexpr, _BLOCK_SIZE_1: tl.constexpr):
    num_blocks_0 = tl.cdiv(out_size_0, _BLOCK_SIZE_0)
    pid_0 = tl.program_id(0) % num_blocks_0
    pid_1 = tl.program_id(0) // num_blocks_0
    offset_0 = pid_0 * _BLOCK_SIZE_0
    indices_0 = (offset_0 + tl.arange(0, _BLOCK_SIZE_0)).to(tl.int32)
    mask_0 = indices_0 < out_size_0
    offset_1 = pid_1 * _BLOCK_SIZE_1
    indices_1 = (offset_1 + tl.arange(0, _BLOCK_SIZE_1)).to(tl.int32)
    mask_1 = indices_1 < out_size_1
    load = tl.load(inp_tuple_item_0 + (indices_0[:, None] * inp_tuple_item_0_stride_0 + indices_1[None, :] * inp_tuple_item_0_stride_1), mask_0[:, None] & mask_1[None, :], other=0)
    load_1 = tl.load(inp_tuple_item_1 + (indices_0[:, None] * inp_tuple_item_1_stride_0 + indices_1[None, :] * inp_tuple_item_1_stride_1), mask_0[:, None] & mask_1[None, :], other=0)
    v_0 = load_1.to(tl.float32)
    v_1 = load + v_0
    v_2 = tl.cast(inp_tuple_item_2, tl.float32)
    v_3 = v_1 * v_2
    tl.store(out + (indices_0[:, None] * out_stride_0 + indices_1[None, :] * out_stride_1), v_3, mask_0[:, None] & mask_1[None, :])

def tuple_literal_index_kernel(inp_tuple, *, _launcher=_default_launcher):
    out = torch.empty_like(inp_tuple[0])
    _BLOCK_SIZE_0 = 8
    _BLOCK_SIZE_1 = 8
    _launcher(_helion_tuple_literal_index_kernel, (triton.cdiv(out.size(0), _BLOCK_SIZE_0) * triton.cdiv(out.size(1), _BLOCK_SIZE_1),), out, inp_tuple[0], inp_tuple[1], out.size(0), out.size(1), inp_tuple[0].stride(0), inp_tuple[0].stride(1), inp_tuple[1].stride(0), inp_tuple[1].stride(1), out.stride(0), out.stride(1), inp_tuple[2], _BLOCK_SIZE_0, _BLOCK_SIZE_1, num_warps=4, num_stages=3)
    return outfrom __future__ import annotations

import torch
import triton
import triton.language as tl
from helion.runtime import default_launcher as _default_launcher

@triton.jit
def _helion_tuple_literal_index_kernel(out, inp_tuple_item_0, inp_tuple_item_1, inp_tuple_item_0_size_0, inp_tuple_item_0_size_1, inp_tuple_item_1_size_0, inp_tuple_item_1_size_1, out_size_0, out_size_1, inp_tuple_item_0_stride_0, inp_tuple_item_0_stride_1, inp_tuple_item_1_stride_0, inp_tuple_item_1_stride_1, out_stride_0, out_stride_1, inp_tuple_item_2, _BLOCK_SIZE_0: tl.constexpr, _BLOCK_SIZE_1: tl.constexpr):
    num_blocks_0 = tl.cdiv(out_size_0, _BLOCK_SIZE_0)
    pid_0 = tl.program_id(0) % num_blocks_0
    pid_1 = tl.program_id(0) // num_blocks_0
    offset_0 = pid_0 * _BLOCK_SIZE_0
    offset_1 = pid_1 * _BLOCK_SIZE_1
    load = tl.load(tl.make_block_ptr(inp_tuple_item_0, [inp_tuple_item_0_size_0, inp_tuple_item_0_size_1], [inp_tuple_item_0_stride_0, inp_tuple_item_0_stride_1], [offset_0, offset_1], [_BLOCK_SIZE_0, _BLOCK_SIZE_1], [1, 0]), boundary_check=[0, 1], padding_option='zero')
    load_1 = tl.load(tl.make_block_ptr(inp_tuple_item_1, [inp_tuple_item_1_size_0, inp_tuple_item_1_size_1], [inp_tuple_item_1_stride_0, inp_tuple_item_1_stride_1], [offset_0, offset_1], [_BLOCK_SIZE_0, _BLOCK_SIZE_1], [1, 0]), boundary_check=[0, 1], padding_option='zero')
    v_0 = load_1.to(tl.float32)
    v_1 = load + v_0
    v_2 = tl.cast(inp_tuple_item_2, tl.float32)
    v_3 = v_1 * v_2
    tl.store(tl.make_block_ptr(out, [out_size_0, out_size_1], [out_stride_0, out_stride_1], [offset_0, offset_1], [_BLOCK_SIZE_0, _BLOCK_SIZE_1], [1, 0]), v_3, boundary_check=[0, 1])

def tuple_literal_index_kernel(inp_tuple, *, _launcher=_default_launcher):
    out = torch.empty_like(inp_tuple[0])
    _BLOCK_SIZE_0 = 8
    _BLOCK_SIZE_1 = 8
    _launcher(_helion_tuple_literal_index_kernel, (triton.cdiv(out.size(0), _BLOCK_SIZE_0) * triton.cdiv(out.size(1), _BLOCK_SIZE_1),), out, inp_tuple[0], inp_tuple[1], inp_tuple[0].size(0), inp_tuple[0].size(1), inp_tuple[1].size(0), inp_tuple[1].size(1), out.size(0), out.size(1), inp_tuple[0].stride(0), inp_tuple[0].stride(1), inp_tuple[1].stride(0), inp_tuple[1].stride(1), out.stride(0), out.stride(1), inp_tuple[2], _BLOCK_SIZE_0, _BLOCK_SIZE_1, num_warps=4, num_stages=3)
    return out

--- assertExpectedJournal(TestMisc.test_tuple_literal_subscript_w_descriptor)
from __future__ import annotations

import torch
import helion
import triton
import triton.language as tl
from helion.runtime import default_launcher as _default_launcher

helion.runtime.set_triton_allocator()

@triton.jit
def _helion_tuple_literal_index_kernel(out, inp_tuple_item_0, inp_tuple_item_1, inp_tuple_item_1_size_0, inp_tuple_item_1_size_1, out_size_0, out_size_1, inp_tuple_item_0_stride_0, inp_tuple_item_0_stride_1, inp_tuple_item_1_stride_0, inp_tuple_item_1_stride_1, out_stride_0, out_stride_1, inp_tuple_item_2, _BLOCK_SIZE_0: tl.constexpr, _BLOCK_SIZE_1: tl.constexpr):
    inp_tuple_item_1_desc = tl.make_tensor_descriptor(inp_tuple_item_1, [inp_tuple_item_1_size_0, inp_tuple_item_1_size_1], [inp_tuple_item_1_stride_0, inp_tuple_item_1_stride_1], [_BLOCK_SIZE_0, _BLOCK_SIZE_1])
    num_blocks_0 = tl.cdiv(out_size_0, _BLOCK_SIZE_0)
    pid_0 = tl.program_id(0) % num_blocks_0
    pid_1 = tl.program_id(0) // num_blocks_0
    offset_0 = pid_0 * _BLOCK_SIZE_0
    indices_0 = (offset_0 + tl.arange(0, _BLOCK_SIZE_0)).to(tl.int32)
    mask_0 = indices_0 < out_size_0
    offset_1 = pid_1 * _BLOCK_SIZE_1
    indices_1 = (offset_1 + tl.arange(0, _BLOCK_SIZE_1)).to(tl.int32)
    mask_1 = indices_1 < out_size_1
    load = tl.load(inp_tuple_item_0 + (indices_0[:, None] * inp_tuple_item_0_stride_0 + indices_1[None, :] * inp_tuple_item_0_stride_1), mask_0[:, None] & mask_1[None, :], other=0)
    load_1 = inp_tuple_item_1_desc.load([offset_0, offset_1])
    v_0 = load_1.to(tl.float32)
    v_1 = load + v_0
    v_2 = tl.cast(inp_tuple_item_2, tl.float32)
    v_3 = v_1 * v_2
    tl.store(out + (indices_0[:, None] * out_stride_0 + indices_1[None, :] * out_stride_1), v_3, mask_0[:, None] & mask_1[None, :])

def tuple_literal_index_kernel(inp_tuple, *, _launcher=_default_launcher):
    out = torch.empty_like(inp_tuple[0])
    _BLOCK_SIZE_0 = 8
    _BLOCK_SIZE_1 = 8
    _launcher(_helion_tuple_literal_index_kernel, (triton.cdiv(out.size(0), _BLOCK_SIZE_0) * triton.cdiv(out.size(1), _BLOCK_SIZE_1),), out, inp_tuple[0], inp_tuple[1], inp_tuple[1].size(0), inp_tuple[1].size(1), out.size(0), out.size(1), inp_tuple[0].stride(0), inp_tuple[0].stride(1), inp_tuple[1].stride(0), inp_tuple[1].stride(1), out.stride(0), out.stride(1), inp_tuple[2], _BLOCK_SIZE_0, _BLOCK_SIZE_1, num_warps=4, num_stages=3)
    return out

--- assertExpectedJournal(TestMisc.test_tuple_unpack)
from __future__ import annotations

import torch
import triton
import triton.language as tl
from helion.runtime import default_launcher as _default_launcher

@triton.jit
def _helion_tuple_unpack_kernel(a, b, out, a_size_0, a_stride_0, b_stride_0, out_stride_0, x, _BLOCK_SIZE_0: tl.constexpr):
    pid_0 = tl.program_id(0)
    offset_0 = pid_0 * _BLOCK_SIZE_0
    indices_0 = (offset_0 + tl.arange(0, _BLOCK_SIZE_0)).to(tl.int32)
    mask_0 = indices_0 < a_size_0
    load = tl.load(a + indices_0 * a_stride_0, mask_0, other=0)
    load_1 = tl.load(b + indices_0 * b_stride_0, mask_0, other=0)
    v_0 = load_1.to(tl.float32)
    v_1 = load + v_0
    v_2 = x.to(tl.float32)
    v_3 = v_1 + v_2
    tl.store(out + indices_0 * out_stride_0, v_3, mask_0)

def tuple_unpack_kernel(inp_tuple, *, _launcher=_default_launcher):
    a, b, x = inp_tuple
    out = torch.empty_like(a)
    _BLOCK_SIZE_0 = 4
    _launcher(_helion_tuple_unpack_kernel, (triton.cdiv(a.size(0), _BLOCK_SIZE_0),), a, b, out, a.size(0), a.stride(0), b.stride(0), out.stride(0), x, _BLOCK_SIZE_0, num_warps=4, num_stages=3)
    return out
