This file is automatically generated by assertExpectedJournal calls in test_ptxas_config.py.
Update expected outputs by running tests with the EXPECTTEST_ACCEPT=1 environment variable set.

--- assertExpectedJournal(TestAdvancedCompilerConfiguration.test_configuration_apply_controls_flag)
from __future__ import annotations

import torch
import triton
import triton.language as tl
from helion.runtime import default_launcher as _default_launcher

@triton.jit
def _helion__copy_kernel(x_flat, out_flat, _BLOCK_SIZE_0: tl.constexpr):
    pid_0 = tl.program_id(0)
    offset_0 = pid_0 * _BLOCK_SIZE_0
    indices_0 = (offset_0 + tl.arange(0, _BLOCK_SIZE_0)).to(tl.int32)
    load = tl.load(x_flat + indices_0 * 1, None)
    tl.store(out_flat + indices_0 * 1, load, None)

def _copy_kernel(x: torch.Tensor, *, _launcher=_default_launcher):
    out = torch.empty_like(x)
    x_flat = x.view(-1)
    out_flat = out.view(-1)
    _BLOCK_SIZE_0 = 32
    _launcher(_helion__copy_kernel, (triton.cdiv(128, _BLOCK_SIZE_0),), x_flat, out_flat, _BLOCK_SIZE_0, num_warps=4, num_stages=2, ptx_options='--apply-controls <path>')
    return out
